Command: echo hello world
Output: hello world

Command: passwd
Output: 
Changing password for trung.
(current) UNIX password: 
Enter new UNIX password: 
Retype new UNIX password: 
passwd: password updated successfully

Command: date
Output: Wen Feb 05 17:40:10 +07 2020

Command: hostname
Output: trung-desktop

Command: arch
Output: x86_64

Command: uname -a
Output: 
Linux trung-desktop 5.3.0-28-generic #30~18.04.1-Ubuntu SMP Fri Jan 17 06:14:09 UTC 2020 x86_64 x86_64 x86_64 GNU/Linux

Command: dmesg
Output: 
[    0.000000] microcode: microcode updated early to revision 0xd6, date = 2019-10-03
[    0.000000] Linux version 5.3.0-28-generic (buildd@lcy01-amd64-009) (gcc version 7.4.0 (Ubuntu 7.4.0-1ubuntu1~18.04.1)) #30~18.04.1-Ubuntu SMP Fri Jan 17 06:14:09 UTC 2020 (Ubuntu 5.3.0-28.30~18.04.1-generic 5.3.13)
[    0.000000] Command line: BOOT_IMAGE=/boot/vmlinuz-5.3.0-28-generic root=UUID=1d3869c1-5fbe-4c52-9151-c17b257765d6 ro quiet splash vt.handoff=1
[    0.000000] KERNEL supported cpus:
[    0.000000]   Intel GenuineIntel
[    0.000000]   AMD AuthenticAMD
[    0.000000]   Hygon HygonGenuine
[    0.000000]   Centaur CentaurHauls
[    0.000000]   zhaoxin   Shanghai  
[    0.000000] x86/fpu: Supporting XSAVE feature 0x001: 'x87 floating point registers'
[    0.000000] x86/fpu: Supporting XSAVE feature 0x002: 'SSE registers'
[    0.000000] x86/fpu: Supporting XSAVE feature 0x004: 'AVX registers'
[    0.000000] x86/fpu: Supporting XSAVE feature 0x008: 'MPX bounds registers'
[    0.000000] x86/fpu: Supporting XSAVE feature 0x010: 'MPX CSR'
[    0.000000] x86/fpu: xstate_offset[2]:  576, xstate_sizes[2]:  256
[    0.000000] x86/fpu: xstate_offset[3]:  832, xstate_sizes[3]:   64
[    0.000000] x86/fpu: xstate_offset[4]:  896, xstate_sizes[4]:   64
[    0.000000] x86/fpu: Enabled xstate features 0x1f, context size is 960 bytes, using 'compacted' format.
[    0.000000] BIOS-provided physical RAM map:
[    0.000000] BIOS-e820: [mem 0x0000000000000000-0x0000000000057fff] usable
[    0.000000] BIOS-e820: [mem 0x0000000000058000-0x0000000000058fff] reserved
[    0.000000] BIOS-e820: [mem 0x0000000000059000-0x000000000009efff] usable
[    0.000000] BIOS-e820: [mem 0x000000000009f000-0x00000000000fffff] reserved
[    0.000000] BIOS-e820: [mem 0x0000000000100000-0x00000000867cdfff] usable
[    0.000000] BIOS-e820: [mem 0x00000000867ce000-0x00000000867cefff] ACPI NVS
[    0.000000] BIOS-e820: [mem 0x00000000867cf000-0x00000000867cffff] reserved
[    0.000000] BIOS-e820: [mem 0x00000000867d0000-0x000000008eb56fff] usable
[    0.000000] BIOS-e820: [mem 0x000000008eb57000-0x000000008eeb2fff] reserved
[    0.000000] BIOS-e820: [mem 0x000000008eeb3000-0x000000008f047fff] usable
[    0.000000] BIOS-e820: [mem 0x000000008f048000-0x000000008f6b3fff] ACPI NVS
[    0.000000] BIOS-e820: [mem 0x000000008f6b4000-0x000000008fba2fff] reserved
[    0.000000] BIOS-e820: [mem 0x000000008fba3000-0x000000008fbfefff] type 20
[    0.000000] BIOS-e820: [mem 0x000000008fbff000-0x000000008fbfffff] usable
[    0.000000] BIOS-e820: [mem 0x000000008fc00000-0x000000008fffffff] reserved
[    0.000000] BIOS-e820: [mem 0x00000000e0000000-0x00000000efffffff] reserved
[    0.000000] BIOS-e820: [mem 0x00000000fe000000-0x00000000fe010fff] reserved
[    0.000000] BIOS-e820: [mem 0x00000000fec00000-0x00000000fec00fff] reserved
[    0.000000] BIOS-e820: [mem 0x00000000fed00000-0x00000000fed00fff] reserved
[    0.000000] BIOS-e820: [mem 0x00000000fee00000-0x00000000fee00fff] reserved
[    0.000000] BIOS-e820: [mem 0x00000000ff000000-0x00000000ffffffff] reserved
[    0.000000] BIOS-e820: [mem 0x0000000100000000-0x000000046effffff] usable
[    0.000000] NX (Execute Disable) protection: active
[    0.000000] efi: EFI v2.50 by American Megatrends
[    0.000000] efi:  ACPI=0x8f648000  ACPI 2.0=0x8f648000  SMBIOS=0xf05e0  SMBIOS 3.0=0xf0600  MPS=0xfc420  ESRT=0x8d8d9098 
[    0.000000] secureboot: Secure boot could not be determined (mode 0)
[    0.000000] SMBIOS 3.0.0 present.
[    0.000000] DMI: To Be Filled By O.E.M. To Be Filled By O.E.M./B250 Gaming K4, BIOS L2.01 04/28/2017
[    0.000000] tsc: Detected 3400.000 MHz processor
[    0.001247] tsc: Detected 3399.906 MHz TSC
[    0.001247] e820: update [mem 0x00000000-0x00000fff] usable ==> reserved
[    0.001248] e820: remove [mem 0x000a0000-0x000fffff] usable
[    0.001253] last_pfn = 0x46f000 max_arch_pfn = 0x400000000
[    0.001256] MTRR default type: write-back
[    0.001257] MTRR fixed ranges enabled:
[    0.001258]   00000-9FFFF write-back
[    0.001258]   A0000-BFFFF uncachable
[    0.001259]   C0000-FFFFF write-protect
[    0.001259] MTRR variable ranges enabled:
[    0.001260]   0 base 00C0000000 mask 7FC0000000 uncachable
[    0.001261]   1 base 00A0000000 mask 7FE0000000 uncachable
[    0.001261]   2 base 0090000000 mask 7FF0000000 uncachable
[    0.001262]   3 disabled
[    0.001262]   4 disabled
[    0.001262]   5 disabled
[    0.001263]   6 disabled
[    0.001263]   7 disabled
[    0.001263]   8 disabled
[    0.001264]   9 disabled
[    0.001684] x86/PAT: Configuration [0-7]: WB  WC  UC- UC  WB  WP  UC- WT  
[    0.001855] last_pfn = 0x8fc00 max_arch_pfn = 0x400000000
[    0.007673] found SMP MP-table at [mem 0x000fc670-0x000fc67f]
[    0.007682] esrt: Reserving ESRT space from 0x000000008d8d9098 to 0x000000008d8d90d0.
[    0.007690] check: Scanning 1 areas for low memory corruption
[    0.007694] Using GB pages for direct mapping
[    0.007696] BRK [0x2a7401000, 0x2a7401fff] PGTABLE
[    0.007697] BRK [0x2a7402000, 0x2a7402fff] PGTABLE
[    0.007698] BRK [0x2a7403000, 0x2a7403fff] PGTABLE
[    0.007730] BRK [0x2a7404000, 0x2a7404fff] PGTABLE
[    0.007731] BRK [0x2a7405000, 0x2a7405fff] PGTABLE
[    0.007881] BRK [0x2a7406000, 0x2a7406fff] PGTABLE
[    0.007920] BRK [0x2a7407000, 0x2a7407fff] PGTABLE
[    0.008038] BRK [0x2a7408000, 0x2a7408fff] PGTABLE
[    0.008088] BRK [0x2a7409000, 0x2a7409fff] PGTABLE
[    0.008091] BRK [0x2a740a000, 0x2a740afff] PGTABLE
[    0.008153] BRK [0x2a740b000, 0x2a740bfff] PGTABLE
[    0.008210] RAMDISK: [mem 0x330ff000-0x35876fff]
[    0.008216] ACPI: Early table checksum verification disabled
[    0.008219] ACPI: RSDP 0x000000008F648000 000024 (v02 ALASKA)
[    0.008221] ACPI: XSDT 0x000000008F6480A0 0000C4 (v01 ALASKA A M I    01072009 AMI  00010013)
[    0.008225] ACPI: FACP 0x000000008F66BCA8 000114 (v06 ALASKA A M I    01072009 AMI  00010013)
[    0.008229] ACPI: DSDT 0x000000008F648200 023AA8 (v02 ALASKA A M I    01072009 INTL 20160422)
[    0.008231] ACPI: FACS 0x000000008F6B3C40 000040
[    0.008232] ACPI: APIC 0x000000008F66BDC0 0000BC (v03 ALASKA A M I    01072009 AMI  00010013)
[    0.008234] ACPI: FPDT 0x000000008F66BE80 000044 (v01 ALASKA A M I    01072009 AMI  00010013)
[    0.008236] ACPI: MCFG 0x000000008F66BEC8 00003C (v01 ALASKA A M I    01072009 MSFT 00000097)
[    0.008238] ACPI: SSDT 0x000000008F66BF08 000377 (v01 SataRe SataTabl 00001000 INTL 20160422)
[    0.008239] ACPI: FIDT 0x000000008F66C280 00009C (v01 ALASKA A M I    01072009 AMI  00010013)
[    0.008241] ACPI: SSDT 0x000000008F66C320 003154 (v02 SaSsdt SaSsdt   00003000 INTL 20160422)
[    0.008243] ACPI: SSDT 0x000000008F66F478 0023CB (v02 PegSsd PegSsdt  00001000 INTL 20160422)
[    0.008245] ACPI: HPET 0x000000008F671848 000038 (v01 INTEL  SKL      00000001 MSFT 0000005F)
[    0.008247] ACPI: SSDT 0x000000008F671880 000A2E (v02 INTEL  xh_rvp08 00000000 INTL 20160422)
[    0.008249] ACPI: UEFI 0x000000008F6722B0 000042 (v01 INTEL  EDK2     00000002      01000013)
[    0.008251] ACPI: SSDT 0x000000008F6722F8 000EDE (v02 CpuRef CpuSsdt  00003000 INTL 20160422)
[    0.008252] ACPI: AAFT 0x000000008F6731D8 00025F (v01 ALASKA OEMAAFT  01072009 MSFT 00000097)
[    0.008255] ACPI: LPIT 0x000000008F673438 000094 (v01 INTEL  SKL      00000000 MSFT 0000005F)
[    0.008256] ACPI: WSMT 0x000000008F6734D0 000028 (v01 INTEL  SKL      00000000 MSFT 0000005F)
[    0.008258] ACPI: DBGP 0x000000008F6734F8 000034 (v01 INTEL           00000002 MSFT 0000005F)
[    0.008260] ACPI: DBG2 0x000000008F673530 000054 (v00 INTEL           00000002 MSFT 0000005F)
[    0.008262] ACPI: BGRT 0x000000008F673588 000038 (v01 ALASKA A M I    01072009 AMI  00010013)
[    0.008263] ACPI: DMAR 0x000000008F6735C0 000070 (v01 INTEL  SKL      00000001 INTL 00000001)
[    0.008265] ACPI: ASF! 0x000000008F673630 0000A0 (v32 INTEL   HCG     00000001 TFSM 000F4240)
[    0.008272] ACPI: Local APIC address 0xfee00000
[    0.008413] No NUMA configuration found
[    0.008414] Faking a node at [mem 0x0000000000000000-0x000000046effffff]
[    0.008422] NODE_DATA(0) allocated [mem 0x46efd5000-0x46effffff]
[    0.008569] Zone ranges:
[    0.008570]   DMA      [mem 0x0000000000001000-0x0000000000ffffff]
[    0.008571]   DMA32    [mem 0x0000000001000000-0x00000000ffffffff]
[    0.008571]   Normal   [mem 0x0000000100000000-0x000000046effffff]
[    0.008572]   Device   empty
[    0.008573] Movable zone start for each node
[    0.008574] Early memory node ranges
[    0.008575]   node   0: [mem 0x0000000000001000-0x0000000000057fff]
[    0.008576]   node   0: [mem 0x0000000000059000-0x000000000009efff]
[    0.008576]   node   0: [mem 0x0000000000100000-0x00000000867cdfff]
[    0.008577]   node   0: [mem 0x00000000867d0000-0x000000008eb56fff]
[    0.008577]   node   0: [mem 0x000000008eeb3000-0x000000008f047fff]
[    0.008577]   node   0: [mem 0x000000008fbff000-0x000000008fbfffff]
[    0.008578]   node   0: [mem 0x0000000100000000-0x000000046effffff]
[    0.008616] Zeroed struct page in unavailable ranges: 4984 pages
[    0.008617] Initmem setup node 0 [mem 0x0000000000001000-0x000000046effffff]
[    0.008618] On node 0 totalpages: 4185224
[    0.008619]   DMA zone: 64 pages used for memmap
[    0.008619]   DMA zone: 27 pages reserved
[    0.008620]   DMA zone: 3997 pages, LIFO batch:0
[    0.008656]   DMA32 zone: 9076 pages used for memmap
[    0.008657]   DMA32 zone: 580843 pages, LIFO batch:63
[    0.015490]   Normal zone: 56256 pages used for memmap
[    0.015491]   Normal zone: 3600384 pages, LIFO batch:63
[    0.046869] ACPI: PM-Timer IO Port: 0x1808
[    0.046871] ACPI: Local APIC address 0xfee00000
[    0.046875] ACPI: LAPIC_NMI (acpi_id[0x01] high edge lint[0x1])
[    0.046876] ACPI: LAPIC_NMI (acpi_id[0x02] high edge lint[0x1])
[    0.046876] ACPI: LAPIC_NMI (acpi_id[0x03] high edge lint[0x1])
[    0.046877] ACPI: LAPIC_NMI (acpi_id[0x04] high edge lint[0x1])
[    0.046877] ACPI: LAPIC_NMI (acpi_id[0x05] high edge lint[0x1])
[    0.046878] ACPI: LAPIC_NMI (acpi_id[0x06] high edge lint[0x1])
[    0.046878] ACPI: LAPIC_NMI (acpi_id[0x07] high edge lint[0x1])
[    0.046878] ACPI: LAPIC_NMI (acpi_id[0x08] high edge lint[0x1])
[    0.046904] IOAPIC[0]: apic_id 2, version 32, address 0xfec00000, GSI 0-119
[    0.046906] ACPI: INT_SRC_OVR (bus 0 bus_irq 0 global_irq 2 dfl dfl)
[    0.046907] ACPI: INT_SRC_OVR (bus 0 bus_irq 9 global_irq 9 high level)
[    0.046907] ACPI: IRQ0 used by override.
[    0.046908] ACPI: IRQ9 used by override.
[    0.046909] Using ACPI (MADT) for SMP configuration information
[    0.046910] ACPI: HPET id: 0x8086a201 base: 0xfed00000
[    0.046916] smpboot: Allowing 8 CPUs, 0 hotplug CPUs
[    0.046930] PM: Registered nosave memory: [mem 0x00000000-0x00000fff]
[    0.046931] PM: Registered nosave memory: [mem 0x00058000-0x00058fff]
[    0.046932] PM: Registered nosave memory: [mem 0x0009f000-0x000fffff]
[    0.046933] PM: Registered nosave memory: [mem 0x867ce000-0x867cefff]
[    0.046933] PM: Registered nosave memory: [mem 0x867cf000-0x867cffff]
[    0.046935] PM: Registered nosave memory: [mem 0x8eb57000-0x8eeb2fff]
[    0.046936] PM: Registered nosave memory: [mem 0x8f048000-0x8f6b3fff]
[    0.046936] PM: Registered nosave memory: [mem 0x8f6b4000-0x8fba2fff]
[    0.046936] PM: Registered nosave memory: [mem 0x8fba3000-0x8fbfefff]
[    0.046937] PM: Registered nosave memory: [mem 0x8fc00000-0x8fffffff]
[    0.046938] PM: Registered nosave memory: [mem 0x90000000-0xdfffffff]
[    0.046938] PM: Registered nosave memory: [mem 0xe0000000-0xefffffff]
[    0.046938] PM: Registered nosave memory: [mem 0xf0000000-0xfdffffff]
[    0.046939] PM: Registered nosave memory: [mem 0xfe000000-0xfe010fff]
[    0.046939] PM: Registered nosave memory: [mem 0xfe011000-0xfebfffff]
[    0.046939] PM: Registered nosave memory: [mem 0xfec00000-0xfec00fff]
[    0.046940] PM: Registered nosave memory: [mem 0xfec01000-0xfecfffff]
[    0.046940] PM: Registered nosave memory: [mem 0xfed00000-0xfed00fff]
[    0.046941] PM: Registered nosave memory: [mem 0xfed01000-0xfedfffff]
[    0.046941] PM: Registered nosave memory: [mem 0xfee00000-0xfee00fff]
[    0.046941] PM: Registered nosave memory: [mem 0xfee01000-0xfeffffff]
[    0.046942] PM: Registered nosave memory: [mem 0xff000000-0xffffffff]
[    0.046943] [mem 0x90000000-0xdfffffff] available for PCI devices
[    0.046943] Booting paravirtualized kernel on bare hardware
[    0.046946] clocksource: refined-jiffies: mask: 0xffffffff max_cycles: 0xffffffff, max_idle_ns: 7645519600211568 ns
[    0.046950] setup_percpu: NR_CPUS:8192 nr_cpumask_bits:8 nr_cpu_ids:8 nr_node_ids:1
[    0.047149] percpu: Embedded 54 pages/cpu s184320 r8192 d28672 u262144
[    0.047154] pcpu-alloc: s184320 r8192 d28672 u262144 alloc=1*2097152
[    0.047154] pcpu-alloc: [0] 0 1 2 3 4 5 6 7 
[    0.047174] Built 1 zonelists, mobility grouping on.  Total pages: 4119801
[    0.047174] Policy zone: Normal
[    0.047175] Kernel command line: BOOT_IMAGE=/boot/vmlinuz-5.3.0-28-generic root=UUID=1d3869c1-5fbe-4c52-9151-c17b257765d6 ro quiet splash vt.handoff=1
[    0.048262] Dentry cache hash table entries: 2097152 (order: 12, 16777216 bytes, linear)
[    0.048798] Inode-cache hash table entries: 1048576 (order: 11, 8388608 bytes, linear)
[    0.048856] mem auto-init: stack:off, heap alloc:on, heap free:off
[    0.053212] Calgary: detecting Calgary via BIOS EBDA area
[    0.053214] Calgary: Unable to locate Rio Grande table in EBDA - bailing!
[    0.096522] Memory: 16175432K/16740896K available (14339K kernel code, 2370K rwdata, 4668K rodata, 2660K init, 5076K bss, 565464K reserved, 0K cma-reserved)
[    0.096631] SLUB: HWalign=64, Order=0-3, MinObjects=0, CPUs=8, Nodes=1
[    0.096640] Kernel/User page tables isolation: enabled
[    0.096651] ftrace: allocating 42927 entries in 168 pages
[    0.108647] rcu: Hierarchical RCU implementation.
[    0.108648] rcu: 	RCU restricting CPUs from NR_CPUS=8192 to nr_cpu_ids=8.
[    0.108649] 	Tasks RCU enabled.
[    0.108650] rcu: RCU calculated value of scheduler-enlistment delay is 25 jiffies.
[    0.108650] rcu: Adjusting geometry for rcu_fanout_leaf=16, nr_cpu_ids=8
[    0.110987] NR_IRQS: 524544, nr_irqs: 2048, preallocated irqs: 16
[    0.111295] random: crng done (trusting CPU's manufacturer)
[    0.111314] vt handoff: transparent VT on vt#1
[    0.111321] Console: colour dummy device 80x25
[    0.111324] printk: console [tty0] enabled
[    0.111336] ACPI: Core revision 20190703
[    0.111548] clocksource: hpet: mask: 0xffffffff max_cycles: 0xffffffff, max_idle_ns: 79635855245 ns
[    0.111612] APIC: Switch to symmetric I/O mode setup
[    0.111614] DMAR: Host address width 39
[    0.111615] DMAR: DRHD base: 0x000000fed90000 flags: 0x1
[    0.111619] DMAR: dmar0: reg_base_addr fed90000 ver 1:0 cap d2008c40660462 ecap f050da
[    0.111619] DMAR: RMRR base: 0x0000008ee1b000 end: 0x0000008ee3afff
[    0.111621] DMAR-IR: IOAPIC id 2 under DRHD base  0xfed90000 IOMMU 0
[    0.111621] DMAR-IR: HPET id 0 under DRHD base 0xfed90000
[    0.111622] DMAR-IR: Queued invalidation will be enabled to support x2apic and Intr-remapping.
[    0.113028] DMAR-IR: Enabled IRQ remapping in x2apic mode
[    0.113029] x2apic enabled
[    0.113041] Switched APIC routing to cluster x2apic.
[    0.117125] ..TIMER: vector=0x30 apic1=0 pin1=2 apic2=-1 pin2=-1
[    0.135644] clocksource: tsc-early: mask: 0xffffffffffffffff max_cycles: 0x3101f59f5e6, max_idle_ns: 440795259996 ns
[    0.135648] Calibrating delay loop (skipped), value calculated using timer frequency.. 6799.81 BogoMIPS (lpj=13599624)
[    0.135649] pid_max: default: 32768 minimum: 301
[    0.139107] LSM: Security Framework initializing
[    0.139114] Yama: becoming mindful.
[    0.139150] AppArmor: AppArmor initialized
[    0.139208] Mount-cache hash table entries: 32768 (order: 6, 262144 bytes, linear)
[    0.139242] Mountpoint-cache hash table entries: 32768 (order: 6, 262144 bytes, linear)
[    0.139364] *** VALIDATE proc ***
[    0.139402] *** VALIDATE cgroup1 ***
[    0.139403] *** VALIDATE cgroup2 ***
[    0.139444] mce: CPU0: Thermal monitoring enabled (TM1)
[    0.139460] process: using mwait in idle threads
[    0.139462] Last level iTLB entries: 4KB 64, 2MB 8, 4MB 8
[    0.139462] Last level dTLB entries: 4KB 64, 2MB 0, 4MB 0, 1GB 4
[    0.139464] Spectre V1 : Mitigation: usercopy/swapgs barriers and __user pointer sanitization
[    0.139465] Spectre V2 : Mitigation: Full generic retpoline
[    0.139465] Spectre V2 : Spectre v2 / SpectreRSB mitigation: Filling RSB on context switch
[    0.139465] Spectre V2 : Enabling Restricted Speculation for firmware calls
[    0.139466] Spectre V2 : mitigation: Enabling conditional Indirect Branch Prediction Barrier
[    0.139467] Spectre V2 : User space: Mitigation: STIBP via seccomp and prctl
[    0.139468] Speculative Store Bypass: Mitigation: Speculative Store Bypass disabled via prctl and seccomp
[    0.139470] MDS: Mitigation: Clear CPU buffers
[    0.139470] TAA: Mitigation: Clear CPU buffers
[    0.139657] Freeing SMP alternatives memory: 40K
[    0.141258] TSC deadline timer enabled
[    0.141263] smpboot: CPU0: Intel(R) Core(TM) i7-6700 CPU @ 3.40GHz (family: 0x6, model: 0x5e, stepping: 0x3)
[    0.141333] Performance Events: PEBS fmt3+, Skylake events, 32-deep LBR, full-width counters, Intel PMU driver.
[    0.141338] ... version:                4
[    0.141338] ... bit width:              48
[    0.141338] ... generic registers:      4
[    0.141339] ... value mask:             0000ffffffffffff
[    0.141339] ... max period:             00007fffffffffff
[    0.141339] ... fixed-purpose events:   3
[    0.141340] ... event mask:             000000070000000f
[    0.141369] rcu: Hierarchical SRCU implementation.
[    0.142212] NMI watchdog: Enabled. Permanently consumes one hw-PMU counter.
[    0.142268] smp: Bringing up secondary CPUs ...
[    0.142325] x86: Booting SMP configuration:
[    0.142326] .... node  #0, CPUs:      #1 #2 #3 #4
[    0.145317] MDS CPU bug present and SMT on, data leak possible. See https://www.kernel.org/doc/html/latest/admin-guide/hw-vuln/mds.html for more details.
[    0.145317] TAA CPU bug present and SMT on, data leak possible. See https://www.kernel.org/doc/html/latest/admin-guide/hw-vuln/tsx_async_abort.html for more details.
[    0.145317]  #5 #6 #7
[    0.148070] smp: Brought up 1 node, 8 CPUs
[    0.148070] smpboot: Max logical packages: 1
[    0.148070] smpboot: Total of 8 processors activated (54398.49 BogoMIPS)
[    0.149930] devtmpfs: initialized
[    0.149930] x86/mm: Memory block size: 128MB
[    0.152178] PM: Registering ACPI NVS region [mem 0x867ce000-0x867cefff] (4096 bytes)
[    0.152178] PM: Registering ACPI NVS region [mem 0x8f048000-0x8f6b3fff] (6733824 bytes)
[    0.152178] clocksource: jiffies: mask: 0xffffffff max_cycles: 0xffffffff, max_idle_ns: 7645041785100000 ns
[    0.152178] futex hash table entries: 2048 (order: 5, 131072 bytes, linear)
[    0.152178] pinctrl core: initialized pinctrl subsystem
[    0.152178] PM: RTC time: 17:07:07, date: 2020-02-05
[    0.152178] NET: Registered protocol family 16
[    0.152178] audit: initializing netlink subsys (disabled)
[    0.152178] audit: type=2000 audit(1580922427.040:1): state=initialized audit_enabled=0 res=1
[    0.152178] EISA bus registered
[    0.152178] cpuidle: using governor ladder
[    0.152178] cpuidle: using governor menu
[    0.152178] ACPI FADT declares the system doesn't support PCIe ASPM, so disable it
[    0.152178] ACPI: bus type PCI registered
[    0.152178] acpiphp: ACPI Hot Plug PCI Controller Driver version: 0.5
[    0.152178] PCI: MMCONFIG for domain 0000 [bus 00-ff] at [mem 0xe0000000-0xefffffff] (base 0xe0000000)
[    0.152178] PCI: MMCONFIG at [mem 0xe0000000-0xefffffff] reserved in E820
[    0.152178] PCI: Using configuration type 1 for base access
[    0.152337] ENERGY_PERF_BIAS: Set to 'normal', was 'performance'
[    0.152348] HugeTLB registered 1.00 GiB page size, pre-allocated 0 pages
[    0.152348] HugeTLB registered 2.00 MiB page size, pre-allocated 0 pages
[    0.155709] ACPI: Added _OSI(Module Device)
[    0.155709] ACPI: Added _OSI(Processor Device)
[    0.155710] ACPI: Added _OSI(3.0 _SCP Extensions)
[    0.155710] ACPI: Added _OSI(Processor Aggregator Device)
[    0.155711] ACPI: Added _OSI(Linux-Dell-Video)
[    0.155711] ACPI: Added _OSI(Linux-Lenovo-NV-HDMI-Audio)
[    0.155712] ACPI: Added _OSI(Linux-HPI-Hybrid-Graphics)
[    0.184003] ACPI: 6 ACPI AML tables successfully acquired and loaded
[    0.186449] ACPI: [Firmware Bug]: BIOS _OSI(Linux) query ignored
[    0.189891] ACPI: Dynamic OEM Table Load:
[    0.189895] ACPI: SSDT 0xFFFF8C339C661800 000717 (v02 PmRef  Cpu0Ist  00003000 INTL 20160422)
[    0.191200] ACPI: \_PR_.CPU0: _OSC native thermal LVT Acked
[    0.192079] ACPI: Dynamic OEM Table Load:
[    0.192083] ACPI: SSDT 0xFFFF8C339C389800 0003FF (v02 PmRef  Cpu0Cst  00003001 INTL 20160422)
[    0.193592] ACPI: Dynamic OEM Table Load:
[    0.193596] ACPI: SSDT 0xFFFF8C339C666800 00065C (v02 PmRef  ApIst    00003000 INTL 20160422)
[    0.195118] ACPI: Dynamic OEM Table Load:
[    0.195121] ACPI: SSDT 0xFFFF8C339BE81600 00018A (v02 PmRef  ApCst    00003000 INTL 20160422)
[    0.198372] ACPI: Interpreter enabled
[    0.198404] ACPI: (supports S0 S3 S4 S5)
[    0.198405] ACPI: Using IOAPIC for interrupt routing
[    0.198480] PCI: Using host bridge windows from ACPI; if necessary, use "pci=nocrs" and report a bug
[    0.199025] ACPI: Enabled 7 GPEs in block 00 to 7F
[    0.204305] ACPI: Power Resource [WRST] (on)
[    0.204651] ACPI: Power Resource [WRST] (on)
[    0.204976] ACPI: Power Resource [WRST] (on)
[    0.205319] ACPI: Power Resource [WRST] (on)
[    0.205660] ACPI: Power Resource [WRST] (on)
[    0.205980] ACPI: Power Resource [WRST] (on)
[    0.206298] ACPI: Power Resource [WRST] (on)
[    0.206614] ACPI: Power Resource [WRST] (on)
[    0.206930] ACPI: Power Resource [WRST] (on)
[    0.207248] ACPI: Power Resource [WRST] (on)
[    0.207587] ACPI: Power Resource [WRST] (on)
[    0.207908] ACPI: Power Resource [WRST] (on)
[    0.208245] ACPI: Power Resource [WRST] (on)
[    0.208586] ACPI: Power Resource [WRST] (on)
[    0.208916] ACPI: Power Resource [WRST] (on)
[    0.209237] ACPI: Power Resource [WRST] (on)
[    0.209554] ACPI: Power Resource [WRST] (on)
[    0.210789] ACPI: Power Resource [WRST] (on)
[    0.211106] ACPI: Power Resource [WRST] (on)
[    0.211424] ACPI: Power Resource [WRST] (on)
[    0.221098] ACPI: PCI Root Bridge [PCI0] (domain 0000 [bus 00-fe])
[    0.221103] acpi PNP0A08:00: _OSC: OS supports [ExtendedConfig ASPM ClockPM Segments MSI HPX-Type3]
[    0.221139] acpi PNP0A08:00: _OSC failed (AE_ERROR); disabling ASPM
[    0.221812] PCI host bridge to bus 0000:00
[    0.221813] pci_bus 0000:00: root bus resource [io  0x0000-0x0cf7 window]
[    0.221814] pci_bus 0000:00: root bus resource [io  0x0d00-0xffff window]
[    0.221815] pci_bus 0000:00: root bus resource [mem 0x000a0000-0x000bffff window]
[    0.221815] pci_bus 0000:00: root bus resource [mem 0x90000000-0xdfffffff window]
[    0.221816] pci_bus 0000:00: root bus resource [mem 0xfd000000-0xfe7fffff window]
[    0.221817] pci_bus 0000:00: root bus resource [bus 00-fe]
[    0.221825] pci 0000:00:00.0: [8086:191f] type 00 class 0x060000
[    0.221926] pci 0000:00:01.0: [8086:1901] type 01 class 0x060400
[    0.221963] pci 0000:00:01.0: PME# supported from D0 D3hot D3cold
[    0.222184] pci 0000:00:14.0: [8086:a2af] type 00 class 0x0c0330
[    0.222203] pci 0000:00:14.0: reg 0x10: [mem 0xdf130000-0xdf13ffff 64bit]
[    0.222260] pci 0000:00:14.0: PME# supported from D3hot D3cold
[    0.222439] pci 0000:00:14.2: [8086:a2b1] type 00 class 0x118000
[    0.222457] pci 0000:00:14.2: reg 0x10: [mem 0xdf14e000-0xdf14efff 64bit]
[    0.222605] pci 0000:00:16.0: [8086:a2ba] type 00 class 0x078000
[    0.222625] pci 0000:00:16.0: reg 0x10: [mem 0xdf14d000-0xdf14dfff 64bit]
[    0.222682] pci 0000:00:16.0: PME# supported from D3hot
[    0.222828] pci 0000:00:17.0: [8086:a282] type 00 class 0x010601
[    0.222842] pci 0000:00:17.0: reg 0x10: [mem 0xdf148000-0xdf149fff]
[    0.222848] pci 0000:00:17.0: reg 0x14: [mem 0xdf14c000-0xdf14c0ff]
[    0.222853] pci 0000:00:17.0: reg 0x18: [io  0xf050-0xf057]
[    0.222859] pci 0000:00:17.0: reg 0x1c: [io  0xf040-0xf043]
[    0.222865] pci 0000:00:17.0: reg 0x20: [io  0xf020-0xf03f]
[    0.222870] pci 0000:00:17.0: reg 0x24: [mem 0xdf14b000-0xdf14b7ff]
[    0.222903] pci 0000:00:17.0: PME# supported from D3hot
[    0.223031] pci 0000:00:1c.0: [8086:a294] type 01 class 0x060400
[    0.223100] pci 0000:00:1c.0: PME# supported from D0 D3hot D3cold
[    0.223275] pci 0000:00:1d.0: [8086:a298] type 01 class 0x060400
[    0.223344] pci 0000:00:1d.0: PME# supported from D0 D3hot D3cold
[    0.223515] pci 0000:00:1f.0: [8086:a2c8] type 00 class 0x060100
[    0.223723] pci 0000:00:1f.2: [8086:a2a1] type 00 class 0x058000
[    0.223737] pci 0000:00:1f.2: reg 0x10: [mem 0xdf144000-0xdf147fff]
[    0.223893] pci 0000:00:1f.3: [8086:a2f0] type 00 class 0x040300
[    0.223917] pci 0000:00:1f.3: reg 0x10: [mem 0xdf140000-0xdf143fff 64bit]
[    0.223945] pci 0000:00:1f.3: reg 0x20: [mem 0xdf120000-0xdf12ffff 64bit]
[    0.223989] pci 0000:00:1f.3: PME# supported from D3hot D3cold
[    0.224168] pci 0000:00:1f.4: [8086:a2a3] type 00 class 0x0c0500
[    0.224227] pci 0000:00:1f.4: reg 0x10: [mem 0xdf14a000-0xdf14a0ff 64bit]
[    0.224297] pci 0000:00:1f.4: reg 0x20: [io  0xf000-0xf01f]
[    0.224485] pci 0000:00:1f.6: [8086:15b8] type 00 class 0x020000
[    0.224510] pci 0000:00:1f.6: reg 0x10: [mem 0xdf100000-0xdf11ffff]
[    0.224612] pci 0000:00:1f.6: PME# supported from D0 D3hot D3cold
[    0.224764] pci 0000:01:00.0: [10de:1401] type 00 class 0x030000
[    0.224787] pci 0000:01:00.0: reg 0x10: [mem 0xde000000-0xdeffffff]
[    0.224798] pci 0000:01:00.0: reg 0x14: [mem 0xc0000000-0xcfffffff 64bit pref]
[    0.224809] pci 0000:01:00.0: reg 0x1c: [mem 0xd0000000-0xd1ffffff 64bit pref]
[    0.224817] pci 0000:01:00.0: reg 0x24: [io  0xe000-0xe07f]
[    0.224824] pci 0000:01:00.0: reg 0x30: [mem 0xdf000000-0xdf07ffff pref]
[    0.224840] pci 0000:01:00.0: BAR 3: assigned to efifb
[    0.224919] pci 0000:01:00.0: 2.000 Gb/s available PCIe bandwidth, limited by 2.5 GT/s x1 link at 0000:00:01.0 (capable of 126.016 Gb/s with 8 GT/s x16 link)
[    0.224960] pci 0000:01:00.1: [10de:0fba] type 00 class 0x040300
[    0.224977] pci 0000:01:00.1: reg 0x10: [mem 0xdf080000-0xdf083fff]
[    0.225115] pci 0000:00:01.0: PCI bridge to [bus 01]
[    0.225117] pci 0000:00:01.0:   bridge window [io  0xe000-0xefff]
[    0.225118] pci 0000:00:01.0:   bridge window [mem 0xde000000-0xdf0fffff]
[    0.225120] pci 0000:00:01.0:   bridge window [mem 0xc0000000-0xd1ffffff 64bit pref]
[    0.225205] pci 0000:00:1c.0: PCI bridge to [bus 02]
[    0.225293] pci 0000:00:1d.0: PCI bridge to [bus 03]
[    0.226921] ACPI: PCI Interrupt Link [LNKA] (IRQs 3 4 5 6 10 *11 12 14 15)
[    0.226974] ACPI: PCI Interrupt Link [LNKB] (IRQs 3 4 5 6 *10 11 12 14 15)
[    0.227025] ACPI: PCI Interrupt Link [LNKC] (IRQs 3 4 5 6 10 *11 12 14 15)
[    0.227075] ACPI: PCI Interrupt Link [LNKD] (IRQs 3 4 5 6 10 *11 12 14 15)
[    0.227125] ACPI: PCI Interrupt Link [LNKE] (IRQs 3 4 5 6 10 *11 12 14 15)
[    0.227175] ACPI: PCI Interrupt Link [LNKF] (IRQs 3 4 5 6 10 *11 12 14 15)
[    0.227227] ACPI: PCI Interrupt Link [LNKG] (IRQs 3 4 5 6 10 *11 12 14 15)
[    0.227277] ACPI: PCI Interrupt Link [LNKH] (IRQs 3 4 5 6 10 *11 12 14 15)
[    0.227755] SCSI subsystem initialized
[    0.227765] libata version 3.00 loaded.
[    0.227765] pci 0000:01:00.0: vgaarb: setting as boot VGA device
[    0.227765] pci 0000:01:00.0: vgaarb: VGA device added: decodes=io+mem,owns=io+mem,locks=none
[    0.227765] pci 0000:01:00.0: vgaarb: bridge control possible
[    0.227765] vgaarb: loaded
[    0.227765] ACPI: bus type USB registered
[    0.227765] usbcore: registered new interface driver usbfs
[    0.227765] usbcore: registered new interface driver hub
[    0.227765] usbcore: registered new device driver usb
[    0.227765] pps_core: LinuxPPS API ver. 1 registered
[    0.227765] pps_core: Software ver. 5.3.6 - Copyright 2005-2007 Rodolfo Giometti <giometti@linux.it>
[    0.227765] PTP clock support registered
[    0.227765] EDAC MC: Ver: 3.0.0
[    0.227765] Registered efivars operations
[    0.227765] PCI: Using ACPI for IRQ routing
[    0.255752] PCI: pci_cache_line_size set to 64 bytes
[    0.255788] e820: reserve RAM buffer [mem 0x00058000-0x0005ffff]
[    0.255789] e820: reserve RAM buffer [mem 0x0009f000-0x0009ffff]
[    0.255790] e820: reserve RAM buffer [mem 0x867ce000-0x87ffffff]
[    0.255790] e820: reserve RAM buffer [mem 0x8eb57000-0x8fffffff]
[    0.255791] e820: reserve RAM buffer [mem 0x8f048000-0x8fffffff]
[    0.255792] e820: reserve RAM buffer [mem 0x8fc00000-0x8fffffff]
[    0.255792] e820: reserve RAM buffer [mem 0x46f000000-0x46fffffff]
[    0.255860] NetLabel: Initializing
[    0.255861] NetLabel:  domain hash size = 128
[    0.255861] NetLabel:  protocols = UNLABELED CIPSOv4 CALIPSO
[    0.255870] NetLabel:  unlabeled traffic allowed by default
[    0.256064] hpet0: at MMIO 0xfed00000, IRQs 2, 8, 0, 0, 0, 0, 0, 0
[    0.256066] hpet0: 8 comparators, 64-bit 24.000000 MHz counter
[    0.259650] clocksource: Switched to clocksource tsc-early
[    0.268023] VFS: Disk quotas dquot_6.6.0
[    0.268034] VFS: Dquot-cache hash table entries: 512 (order 0, 4096 bytes)
[    0.268053] *** VALIDATE hugetlbfs ***
[    0.268108] AppArmor: AppArmor Filesystem Enabled
[    0.268130] pnp: PnP ACPI init
[    0.268437] system 00:00: [io  0x0280-0x028f] has been reserved
[    0.268438] system 00:00: [io  0x0290-0x029f] has been reserved
[    0.268438] system 00:00: [io  0x02a0-0x02af] has been reserved
[    0.268439] system 00:00: [io  0x02b0-0x02bf] has been reserved
[    0.268443] system 00:00: Plug and Play ACPI device, IDs PNP0c02 (active)
[    0.268660] pnp 00:01: [dma 0 disabled]
[    0.268690] pnp 00:01: Plug and Play ACPI device, IDs PNP0501 (active)
[    0.268795] system 00:02: [io  0x0680-0x069f] has been reserved
[    0.268796] system 00:02: [io  0xffff] has been reserved
[    0.268796] system 00:02: [io  0xffff] has been reserved
[    0.268797] system 00:02: [io  0xffff] has been reserved
[    0.268798] system 00:02: [io  0x1800-0x18fe] has been reserved
[    0.268799] system 00:02: [io  0x164e-0x164f] has been reserved
[    0.268801] system 00:02: Plug and Play ACPI device, IDs PNP0c02 (active)
[    0.268876] system 00:03: [io  0x0800-0x087f] has been reserved
[    0.268878] system 00:03: Plug and Play ACPI device, IDs PNP0c02 (active)
[    0.268891] pnp 00:04: Plug and Play ACPI device, IDs PNP0b00 (active)
[    0.268919] system 00:05: [io  0x1854-0x1857] has been reserved
[    0.268921] system 00:05: Plug and Play ACPI device, IDs INT3f0d PNP0c02 (active)
[    0.269148] system 00:06: [mem 0xfed10000-0xfed17fff] has been reserved
[    0.269149] system 00:06: [mem 0xfed18000-0xfed18fff] has been reserved
[    0.269149] system 00:06: [mem 0xfed19000-0xfed19fff] has been reserved
[    0.269150] system 00:06: [mem 0xe0000000-0xefffffff] has been reserved
[    0.269151] system 00:06: [mem 0xfed20000-0xfed3ffff] has been reserved
[    0.269152] system 00:06: [mem 0xfed90000-0xfed93fff] could not be reserved
[    0.269153] system 00:06: [mem 0xfed45000-0xfed8ffff] has been reserved
[    0.269154] system 00:06: [mem 0xff000000-0xffffffff] has been reserved
[    0.269155] system 00:06: [mem 0xfee00000-0xfeefffff] could not be reserved
[    0.269155] system 00:06: [mem 0xdffe0000-0xdfffffff] has been reserved
[    0.269158] system 00:06: Plug and Play ACPI device, IDs PNP0c02 (active)
[    0.269192] system 00:07: [mem 0xfd000000-0xfdabffff] has been reserved
[    0.269192] system 00:07: [mem 0xfdad0000-0xfdadffff] has been reserved
[    0.269193] system 00:07: [mem 0xfdb00000-0xfdffffff] has been reserved
[    0.269194] system 00:07: [mem 0xfe000000-0xfe01ffff] could not be reserved
[    0.269195] system 00:07: [mem 0xfe036000-0xfe03bfff] has been reserved
[    0.269196] system 00:07: [mem 0xfe03d000-0xfe3fffff] has been reserved
[    0.269196] system 00:07: [mem 0xfe410000-0xfe7fffff] has been reserved
[    0.269198] system 00:07: Plug and Play ACPI device, IDs PNP0c02 (active)
[    0.269462] system 00:08: [io  0xff00-0xfffe] has been reserved
[    0.269465] system 00:08: Plug and Play ACPI device, IDs PNP0c02 (active)
[    0.270562] system 00:09: [mem 0xfdaf0000-0xfdafffff] has been reserved
[    0.270563] system 00:09: [mem 0xfdae0000-0xfdaeffff] has been reserved
[    0.270564] system 00:09: [mem 0xfdac0000-0xfdacffff] has been reserved
[    0.270566] system 00:09: Plug and Play ACPI device, IDs PNP0c02 (active)
[    0.271186] pnp: PnP ACPI: found 10 devices
[    0.272020] thermal_sys: Registered thermal governor 'fair_share'
[    0.272020] thermal_sys: Registered thermal governor 'bang_bang'
[    0.272021] thermal_sys: Registered thermal governor 'step_wise'
[    0.272021] thermal_sys: Registered thermal governor 'user_space'
[    0.272022] thermal_sys: Registered thermal governor 'power_allocator'
[    0.276510] clocksource: acpi_pm: mask: 0xffffff max_cycles: 0xffffff, max_idle_ns: 2085701024 ns
[    0.276535] pci 0000:00:01.0: PCI bridge to [bus 01]
[    0.276537] pci 0000:00:01.0:   bridge window [io  0xe000-0xefff]
[    0.276539] pci 0000:00:01.0:   bridge window [mem 0xde000000-0xdf0fffff]
[    0.276540] pci 0000:00:01.0:   bridge window [mem 0xc0000000-0xd1ffffff 64bit pref]
[    0.276543] pci 0000:00:1c.0: PCI bridge to [bus 02]
[    0.276550] pci 0000:00:1d.0: PCI bridge to [bus 03]
[    0.276557] pci_bus 0000:00: resource 4 [io  0x0000-0x0cf7 window]
[    0.276558] pci_bus 0000:00: resource 5 [io  0x0d00-0xffff window]
[    0.276558] pci_bus 0000:00: resource 6 [mem 0x000a0000-0x000bffff window]
[    0.276559] pci_bus 0000:00: resource 7 [mem 0x90000000-0xdfffffff window]
[    0.276560] pci_bus 0000:00: resource 8 [mem 0xfd000000-0xfe7fffff window]
[    0.276561] pci_bus 0000:01: resource 0 [io  0xe000-0xefff]
[    0.276561] pci_bus 0000:01: resource 1 [mem 0xde000000-0xdf0fffff]
[    0.276562] pci_bus 0000:01: resource 2 [mem 0xc0000000-0xd1ffffff 64bit pref]
[    0.276700] NET: Registered protocol family 2
[    0.276791] tcp_listen_portaddr_hash hash table entries: 8192 (order: 5, 131072 bytes, linear)
[    0.276867] TCP established hash table entries: 131072 (order: 8, 1048576 bytes, linear)
[    0.277021] TCP bind hash table entries: 65536 (order: 8, 1048576 bytes, linear)
[    0.277072] TCP: Hash tables configured (established 131072 bind 65536)
[    0.277110] UDP hash table entries: 8192 (order: 6, 262144 bytes, linear)
[    0.277151] UDP-Lite hash table entries: 8192 (order: 6, 262144 bytes, linear)
[    0.277222] NET: Registered protocol family 1
[    0.277226] NET: Registered protocol family 44
[    0.278000] pci 0000:01:00.0: Video device with shadowed ROM at [mem 0x000c0000-0x000dffff]
[    0.278010] pci 0000:01:00.1: D0 power state depends on 0000:01:00.0
[    0.278014] PCI: CLS 64 bytes, default 64
[    0.278071] Trying to unpack rootfs image as initramfs...
[    0.708215] Freeing initrd memory: 40416K
[    0.743697] PCI-DMA: Using software bounce buffering for IO (SWIOTLB)
[    0.743702] software IO TLB: mapped [mem 0x82435000-0x86435000] (64MB)
[    0.743918] check: Scanning for low memory corruption every 60 seconds
[    0.744931] Initialise system trusted keyrings
[    0.744937] Key type blacklist registered
[    0.744959] workingset: timestamp_bits=36 max_order=22 bucket_order=0
[    0.745845] zbud: loaded
[    0.746089] squashfs: version 4.0 (2009/01/31) Phillip Lougher
[    0.746184] fuse: init (API version 7.31)
[    0.746261] Platform Keyring initialized
[    0.749150] Key type asymmetric registered
[    0.749151] Asymmetric key parser 'x509' registered
[    0.749155] Block layer SCSI generic (bsg) driver version 0.4 loaded (major 244)
[    0.749182] io scheduler mq-deadline registered
[    0.749713] shpchp: Standard Hot Plug PCI Controller Driver version: 0.4
[    0.749749] efifb: probing for efifb
[    0.749756] efifb: showing boot graphics
[    0.766411] efifb: framebuffer at 0xd1000000, using 3072k, total 3072k
[    0.766411] efifb: mode is 1024x768x32, linelength=4096, pages=1
[    0.766412] efifb: scrolling: redraw
[    0.766413] efifb: Truecolor: size=8:8:8:8, shift=24:16:8:0
[    0.766440] fbcon: Deferring console take-over
[    0.766441] fb0: EFI VGA frame buffer device
[    0.766445] intel_idle: MWAIT substates: 0x142120
[    0.766446] intel_idle: v0.4.1 model 0x5E
[    0.766690] intel_idle: lapic_timer_reliable_states 0xffffffff
[    0.766816] input: Sleep Button as /devices/LNXSYSTM:00/LNXSYBUS:00/PNP0C0E:00/input/input0
[    0.766821] ACPI: Sleep Button [SLPB]
[    0.766840] input: Power Button as /devices/LNXSYSTM:00/LNXSYBUS:00/PNP0C0C:00/input/input1
[    0.766845] ACPI: Power Button [PWRB]
[    0.766861] input: Power Button as /devices/LNXSYSTM:00/LNXPWRBN:00/input/input2
[    0.766868] ACPI: Power Button [PWRF]
[    0.767265] Serial: 8250/16550 driver, 32 ports, IRQ sharing enabled
[    0.788022] 00:01: ttyS0 at I/O 0x3f8 (irq = 4, base_baud = 115200) is a 16550A
[    0.789226] Linux agpgart interface v0.103
[    0.790691] loop: module loaded
[    0.790804] libphy: Fixed MDIO Bus: probed
[    0.790805] tun: Universal TUN/TAP device driver, 1.6
[    0.790844] PPP generic driver version 2.4.2
[    0.790899] ehci_hcd: USB 2.0 'Enhanced' Host Controller (EHCI) Driver
[    0.790900] ehci-pci: EHCI PCI platform driver
[    0.790905] ehci-platform: EHCI generic platform driver
[    0.790910] ohci_hcd: USB 1.1 'Open' Host Controller (OHCI) Driver
[    0.790911] ohci-pci: OHCI PCI platform driver
[    0.790915] ohci-platform: OHCI generic platform driver
[    0.790919] uhci_hcd: USB Universal Host Controller Interface driver
[    0.791031] xhci_hcd 0000:00:14.0: xHCI Host Controller
[    0.791035] xhci_hcd 0000:00:14.0: new USB bus registered, assigned bus number 1
[    0.792095] xhci_hcd 0000:00:14.0: hcc params 0x200077c1 hci version 0x100 quirks 0x0000000000009810
[    0.792099] xhci_hcd 0000:00:14.0: cache line size of 64 is not supported
[    0.792227] usb usb1: New USB device found, idVendor=1d6b, idProduct=0002, bcdDevice= 5.03
[    0.792228] usb usb1: New USB device strings: Mfr=3, Product=2, SerialNumber=1
[    0.792229] usb usb1: Product: xHCI Host Controller
[    0.792230] usb usb1: Manufacturer: Linux 5.3.0-28-generic xhci-hcd
[    0.792230] usb usb1: SerialNumber: 0000:00:14.0
[    0.792321] hub 1-0:1.0: USB hub found
[    0.792333] hub 1-0:1.0: 12 ports detected
[    0.793264] xhci_hcd 0000:00:14.0: xHCI Host Controller
[    0.793266] xhci_hcd 0000:00:14.0: new USB bus registered, assigned bus number 2
[    0.793267] xhci_hcd 0000:00:14.0: Host supports USB 3.0 SuperSpeed
[    0.793289] usb usb2: New USB device found, idVendor=1d6b, idProduct=0003, bcdDevice= 5.03
[    0.793290] usb usb2: New USB device strings: Mfr=3, Product=2, SerialNumber=1
[    0.793290] usb usb2: Product: xHCI Host Controller
[    0.793291] usb usb2: Manufacturer: Linux 5.3.0-28-generic xhci-hcd
[    0.793292] usb usb2: SerialNumber: 0000:00:14.0
[    0.793374] hub 2-0:1.0: USB hub found
[    0.793382] hub 2-0:1.0: 6 ports detected
[    0.793885] i8042: PNP: No PS/2 controller found.
[    0.793976] mousedev: PS/2 mouse device common for all mice
[    0.794154] rtc_cmos 00:04: RTC can wake from S4
[    0.794581] rtc_cmos 00:04: registered as rtc0
[    0.794590] rtc_cmos 00:04: alarms up to one month, y3k, 242 bytes nvram, hpet irqs
[    0.794594] i2c /dev entries driver
[    0.794618] device-mapper: uevent: version 1.0.3
[    0.794651] device-mapper: ioctl: 4.40.0-ioctl (2019-01-18) initialised: dm-devel@redhat.com
[    0.794663] platform eisa.0: Probing EISA bus 0
[    0.794664] platform eisa.0: EISA: Cannot allocate resource for mainboard
[    0.794665] platform eisa.0: Cannot allocate resource for EISA slot 1
[    0.794665] platform eisa.0: Cannot allocate resource for EISA slot 2
[    0.794666] platform eisa.0: Cannot allocate resource for EISA slot 3
[    0.794666] platform eisa.0: Cannot allocate resource for EISA slot 4
[    0.794667] platform eisa.0: Cannot allocate resource for EISA slot 5
[    0.794668] platform eisa.0: Cannot allocate resource for EISA slot 6
[    0.794668] platform eisa.0: Cannot allocate resource for EISA slot 7
[    0.794669] platform eisa.0: Cannot allocate resource for EISA slot 8
[    0.794669] platform eisa.0: EISA: Detected 0 cards
[    0.794672] intel_pstate: Intel P-state driver initializing
[    0.795103] intel_pstate: HWP enabled
[    0.795217] ledtrig-cpu: registered to indicate activity on CPUs
[    0.795218] EFI Variables Facility v0.08 2004-May-17
[    0.817164] resource sanity check: requesting [mem 0xfdffe800-0xfe0007ff], which spans more than pnp 00:07 [mem 0xfdb00000-0xfdffffff]
[    0.817166] caller pmc_core_probe+0x8e/0x2e0 mapping multiple BARs
[    0.817175] intel_pmc_core INT33A1:00:  initialized
[    0.817366] NET: Registered protocol family 10
[    0.821210] Segment Routing with IPv6
[    0.821225] NET: Registered protocol family 17
[    0.821268] Key type dns_resolver registered
[    0.821799] RAS: Correctable Errors collector initialized.
[    0.821816] microcode: sig=0x506e3, pf=0x2, revision=0xd6
[    0.821920] microcode: Microcode Update Driver: v2.2.
[    0.821926] sched_clock: Marking stable (821531892, 385920)->(825269166, -3351354)
[    0.822040] registered taskstats version 1
[    0.822046] Loading compiled-in X.509 certificates
[    0.823065] Loaded X.509 cert 'Build time autogenerated kernel key: c209d4e4513ddb6584e17c46859deb0bc3f91652'
[    0.823087] zswap: loaded using pool lzo/zbud
[    0.827269] Key type big_key registered
[    0.829021] Key type encrypted registered
[    0.829023] AppArmor: AppArmor sha1 policy hashing enabled
[    0.830658] ima: No TPM chip found, activating TPM-bypass!
[    0.830660] ima: Allocated hash algorithm: sha1
[    0.830664] No architecture policies found
[    0.830670] evm: Initialising EVM extended attributes:
[    0.830670] evm: security.selinux
[    0.830671] evm: security.SMACK64
[    0.830671] evm: security.SMACK64EXEC
[    0.830671] evm: security.SMACK64TRANSMUTE
[    0.830671] evm: security.SMACK64MMAP
[    0.830672] evm: security.apparmor
[    0.830672] evm: security.ima
[    0.830672] evm: security.capability
[    0.830673] evm: HMAC attrs: 0x1
[    0.831359] PM:   Magic number: 8:218:137
[    0.831564] rtc_cmos 00:04: setting system clock to 2020-02-05T17:07:08 UTC (1580922428)
[    0.832414] Freeing unused decrypted memory: 2040K
[    0.832755] Freeing unused kernel image memory: 2660K
[    0.867783] Write protecting the kernel read-only data: 22528k
[    0.868348] Freeing unused kernel image memory: 2008K
[    0.868634] Freeing unused kernel image memory: 1476K
[    0.874421] x86/mm: Checked W+X mappings: passed, no W+X pages found.
[    0.874421] x86/mm: Checking user space page tables
[    0.880090] x86/mm: Checked W+X mappings: passed, no W+X pages found.
[    0.880092] Run /init as init process
[    0.947877] ahci 0000:00:17.0: version 3.0
[    0.949246] e1000e: Intel(R) PRO/1000 Network Driver - 3.2.6-k
[    0.949247] e1000e: Copyright(c) 1999 - 2015 Intel Corporation.
[    0.949410] e1000e 0000:00:1f.6: Interrupt Throttling Rate (ints/sec) set to dynamic conservative mode
[    0.959680] ahci 0000:00:17.0: AHCI 0001.0301 32 slots 6 ports 6 Gbps 0x3f impl SATA mode
[    0.959681] ahci 0000:00:17.0: flags: 64bit ncq sntf led clo only pio slum part ems deso sadm sds apst 
[    1.020480] scsi host0: ahci
[    1.020672] scsi host1: ahci
[    1.020869] scsi host2: ahci
[    1.021143] scsi host3: ahci
[    1.021438] scsi host4: ahci
[    1.021546] scsi host5: ahci
[    1.021607] ata1: SATA max UDMA/133 abar m2048@0xdf14b000 port 0xdf14b100 irq 125
[    1.021608] ata2: SATA max UDMA/133 abar m2048@0xdf14b000 port 0xdf14b180 irq 125
[    1.021609] ata3: SATA max UDMA/133 abar m2048@0xdf14b000 port 0xdf14b200 irq 125
[    1.021610] ata4: SATA max UDMA/133 abar m2048@0xdf14b000 port 0xdf14b280 irq 125
[    1.021611] ata5: SATA max UDMA/133 abar m2048@0xdf14b000 port 0xdf14b300 irq 125
[    1.021612] ata6: SATA max UDMA/133 abar m2048@0xdf14b000 port 0xdf14b380 irq 125
[    1.127777] usb 1-1: new full-speed USB device number 2 using xhci_hcd
[    1.220217] e1000e 0000:00:1f.6 0000:00:1f.6 (uninitialized): registered PHC clock
[    1.270100] usb 1-1: New USB device found, idVendor=258a, idProduct=001a, bcdDevice=32.31
[    1.270101] usb 1-1: New USB device strings: Mfr=1, Product=2, SerialNumber=0
[    1.270102] usb 1-1: Product: Gaming KB 
[    1.270103] usb 1-1: Manufacturer: Gaming KB 
[    1.287326] e1000e 0000:00:1f.6 eth0: (PCI Express:2.5GT/s:Width x1) 70:85:c2:30:a6:8f
[    1.287327] e1000e 0000:00:1f.6 eth0: Intel(R) PRO/1000 Network Connection
[    1.287431] e1000e 0000:00:1f.6 eth0: MAC: 12, PHY: 12, PBA No: FFFFFF-0FF
[    1.304516] e1000e 0000:00:1f.6 enp0s31f6: renamed from eth0
[    1.315630] ata5: SATA link down (SStatus 4 SControl 300)
[    1.315675] ata4: SATA link down (SStatus 4 SControl 300)
[    1.315702] ata6: SATA link down (SStatus 4 SControl 300)
[    1.315715] ata3: SATA link down (SStatus 4 SControl 300)
[    1.319459] ata1: SATA link up 6.0 Gbps (SStatus 133 SControl 300)
[    1.319485] ata2: SATA link up 6.0 Gbps (SStatus 133 SControl 300)
[    1.319785] ata1.00: ATA-11: PNY CS900 120GB SSD, CS900613, max UDMA/133
[    1.319786] ata1.00: 234441648 sectors, multi 16: LBA48 NCQ (depth 32), AA
[    1.320081] ata1.00: configured for UDMA/133
[    1.320279] scsi 0:0:0:0: Direct-Access     ATA      PNY CS900 120GB  0613 PQ: 0 ANSI: 5
[    1.320506] ata2.00: ATA-8: ST1000DM010-2EP102, CC43, max UDMA/133
[    1.320507] ata2.00: 1953525168 sectors, multi 16: LBA48 NCQ (depth 32), AA
[    1.320570] sd 0:0:0:0: Attached scsi generic sg0 type 0
[    1.320587] sd 0:0:0:0: [sda] 234441648 512-byte logical blocks: (120 GB/112 GiB)
[    1.320607] sd 0:0:0:0: [sda] Write Protect is off
[    1.320608] sd 0:0:0:0: [sda] Mode Sense: 00 3a 00 00
[    1.320614] sd 0:0:0:0: [sda] Write cache: enabled, read cache: enabled, doesn't support DPO or FUA
[    1.321686] ata2.00: configured for UDMA/133
[    1.321917] scsi 1:0:0:0: Direct-Access     ATA      ST1000DM010-2EP1 CC43 PQ: 0 ANSI: 5
[    1.322122] sd 1:0:0:0: Attached scsi generic sg1 type 0
[    1.322450] sd 1:0:0:0: [sdb] 1953525168 512-byte logical blocks: (1.00 TB/932 GiB)
[    1.322451] sd 1:0:0:0: [sdb] 4096-byte physical blocks
[    1.322515] sd 1:0:0:0: [sdb] Write Protect is off
[    1.322516] sd 1:0:0:0: [sdb] Mode Sense: 00 3a 00 00
[    1.322638] sd 1:0:0:0: [sdb] Write cache: enabled, read cache: enabled, doesn't support DPO or FUA
[    1.322925]  sda: sda1 sda2 sda3 sda4
[    1.323272] sd 0:0:0:0: [sda] Attached SCSI disk
[    1.388747]  sdb: sdb1 sdb2 sdb3 sdb4
[    1.389660] sd 1:0:0:0: [sdb] Attached SCSI disk
[    1.395727] usb 1-2: new full-speed USB device number 3 using xhci_hcd
[    1.548924] usb 1-2: New USB device found, idVendor=04d9, idProduct=a09f, bcdDevice= 1.05
[    1.548926] usb 1-2: New USB device strings: Mfr=1, Product=2, SerialNumber=0
[    1.548927] usb 1-2: Product: G MOUSE 2 -Simple
[    1.548928] usb 1-2: Manufacturer: E-Signal
[    1.675772] usb 1-4: new full-speed USB device number 4 using xhci_hcd
[    1.771780] tsc: Refined TSC clocksource calibration: 3407.999 MHz
[    1.771784] clocksource: tsc: mask: 0xffffffffffffffff max_cycles: 0x311fd336761, max_idle_ns: 440795243819 ns
[    1.771827] clocksource: Switched to clocksource tsc
[    2.002908] usb 1-4: New USB device found, idVendor=046d, idProduct=0a6d, bcdDevice= 0.23
[    2.002909] usb 1-4: New USB device strings: Mfr=1, Product=2, SerialNumber=3
[    2.002910] usb 1-4: Product: G433 Gaming Headset
[    2.002911] usb 1-4: Manufacturer: Logitech
[    2.002911] usb 1-4: SerialNumber: 000000000000
[    2.131770] usb 1-11: new high-speed USB device number 5 using xhci_hcd
[    2.281695] usb 1-11: New USB device found, idVendor=05e3, idProduct=0608, bcdDevice=88.32
[    2.281696] usb 1-11: New USB device strings: Mfr=0, Product=1, SerialNumber=0
[    2.281697] usb 1-11: Product: USB2.0 Hub
[    2.283029] hub 1-11:1.0: USB hub found
[    2.283459] hub 1-11:1.0: 4 ports detected
[    2.288667] hidraw: raw HID events driver (C) Jiri Kosina
[    2.589460] usbcore: registered new interface driver usbhid
[    2.589461] usbhid: USB HID core driver
[    2.591141] input: Gaming KB  Gaming KB  as /devices/pci0000:00/0000:00:14.0/usb1/1-1/1-1:1.0/0003:258A:001A.0001/input/input3
[    2.647990] hid-generic 0003:258A:001A.0001: input,hidraw0: USB HID v1.11 Keyboard [Gaming KB  Gaming KB ] on usb-0000:00:14.0-1/input0
[    2.648141] input: Gaming KB  Gaming KB  System Control as /devices/pci0000:00/0000:00:14.0/usb1/1-1/1-1:1.1/0003:258A:001A.0002/input/input4
[    2.707952] input: Gaming KB  Gaming KB  Consumer Control as /devices/pci0000:00/0000:00:14.0/usb1/1-1/1-1:1.1/0003:258A:001A.0002/input/input5
[    2.708041] input: Gaming KB  Gaming KB  Keyboard as /devices/pci0000:00/0000:00:14.0/usb1/1-1/1-1:1.1/0003:258A:001A.0002/input/input6
[    2.708247] hid-generic 0003:258A:001A.0002: input,hiddev0,hidraw1: USB HID v1.11 Keyboard [Gaming KB  Gaming KB ] on usb-0000:00:14.0-1/input1
[    2.708352] input: E-Signal G MOUSE 2 -Simple as /devices/pci0000:00/0000:00:14.0/usb1/1-2/1-2:1.0/0003:04D9:A09F.0003/input/input7
[    2.708497] hid-generic 0003:04D9:A09F.0003: input,hidraw2: USB HID v1.10 Mouse [E-Signal G MOUSE 2 -Simple] on usb-0000:00:14.0-2/input0
[    2.708642] input: E-Signal G MOUSE 2 -Simple Keyboard as /devices/pci0000:00/0000:00:14.0/usb1/1-2/1-2:1.1/0003:04D9:A09F.0004/input/input8
[    2.767954] input: E-Signal G MOUSE 2 -Simple System Control as /devices/pci0000:00/0000:00:14.0/usb1/1-2/1-2:1.1/0003:04D9:A09F.0004/input/input9
[    2.768066] input: E-Signal G MOUSE 2 -Simple Consumer Control as /devices/pci0000:00/0000:00:14.0/usb1/1-2/1-2:1.1/0003:04D9:A09F.0004/input/input10
[    2.768154] input: E-Signal G MOUSE 2 -Simple as /devices/pci0000:00/0000:00:14.0/usb1/1-2/1-2:1.1/0003:04D9:A09F.0004/input/input11
[    2.768398] hid-generic 0003:04D9:A09F.0004: input,hiddev1,hidraw3: USB HID v1.10 Keyboard [E-Signal G MOUSE 2 -Simple] on usb-0000:00:14.0-2/input1
[    2.768545] hid-generic 0003:04D9:A09F.0005: hiddev2,hidraw4: USB HID v1.10 Device [E-Signal G MOUSE 2 -Simple] on usb-0000:00:14.0-2/input2
[    2.769366] input: Logitech G433 Gaming Headset Consumer Control as /devices/pci0000:00/0000:00:14.0/usb1/1-4/1-4:1.3/0003:046D:0A6D.0006/input/input12
[    2.827941] input: Logitech G433 Gaming Headset as /devices/pci0000:00/0000:00:14.0/usb1/1-4/1-4:1.3/0003:046D:0A6D.0006/input/input13
[    2.828224] hid-generic 0003:046D:0A6D.0006: input,hiddev3,hidraw5: USB HID v1.11 Device [Logitech G433 Gaming Headset] on usb-0000:00:14.0-4/input3
[    2.903121] fbcon: Taking over console
[    2.903186] Console: switching to colour frame buffer device 128x48
[    2.935587] EXT4-fs (sdb3): mounted filesystem with ordered data mode. Opts: (null)
[    3.806835] systemd[1]: systemd 237 running in system mode. (+PAM +AUDIT +SELINUX +IMA +APPARMOR +SMACK +SYSVINIT +UTMP +LIBCRYPTSETUP +GCRYPT +GNUTLS +ACL +XZ +LZ4 +SECCOMP +BLKID +ELFUTILS +KMOD -IDN2 +IDN -PCRE2 default-hierarchy=hybrid)
[    3.824125] systemd[1]: Detected architecture x86-64.
[    3.834649] systemd[1]: Set hostname to <trung-desktop>.
[    5.017171] systemd[1]: Created slice System Slice.
[    5.017221] systemd[1]: Listening on udev Kernel Socket.
[    5.017252] systemd[1]: Listening on /dev/initctl Compatibility Named Pipe.
[    5.017286] systemd[1]: Listening on udev Control Socket.
[    5.017313] systemd[1]: Listening on fsck to fsckd communication Socket.
[    5.017391] systemd[1]: Created slice system-systemd\x2dfsck.slice.
[    5.017463] systemd[1]: Created slice User and Session Slice.
[    5.102352] EXT4-fs (sdb3): re-mounted. Opts: errors=remount-ro
[    5.277053] systemd-journald[365]: Received request to flush runtime journal from PID 1
[    5.335746] Adding 948360k swap on /swapfile.  Priority:-2 extents:4 across:972936k FS
[    5.408009] lp: driver loaded but no devices found
[    5.409797] ppdev: user-space parallel port driver
[    6.751560] RAPL PMU: API unit is 2^-32 Joules, 3 fixed counters, 655360 ms ovfl timer
[    6.751561] RAPL PMU: hw unit of domain pp0-core 2^-14 Joules
[    6.751561] RAPL PMU: hw unit of domain package 2^-14 Joules
[    6.751561] RAPL PMU: hw unit of domain dram 2^-14 Joules
[    6.753968] cryptd: max_cpu_qlen set to 1000
[    6.759378] AVX2 version of gcm_enc/dec engaged.
[    6.759378] AES CTR mode by8 optimization enabled
[    7.133029] mei_me 0000:00:16.0: enabling device (0000 -> 0002)
[    7.191401] snd_hda_intel 0000:01:00.1: Disabling MSI
[    7.191405] snd_hda_intel 0000:01:00.1: Handle vga_switcheroo audio client
[    7.198040] intel_rapl_common: Found RAPL domain package
[    7.198041] intel_rapl_common: Found RAPL domain core
[    7.198043] intel_rapl_common: Found RAPL domain dram
[    7.204215] snd_hda_codec_realtek hdaudioC0D0: autoconfig for ALC1220: line_outs=3 (0x14/0x15/0x16/0x0/0x0) type:line
[    7.204216] snd_hda_codec_realtek hdaudioC0D0:    speaker_outs=0 (0x0/0x0/0x0/0x0/0x0)
[    7.204217] snd_hda_codec_realtek hdaudioC0D0:    hp_outs=1 (0x1b/0x0/0x0/0x0/0x0)
[    7.204217] snd_hda_codec_realtek hdaudioC0D0:    mono: mono_out=0x0
[    7.204218] snd_hda_codec_realtek hdaudioC0D0:    dig-out=0x1e/0x0
[    7.204218] snd_hda_codec_realtek hdaudioC0D0:    inputs:
[    7.204219] snd_hda_codec_realtek hdaudioC0D0:      Front Mic=0x19
[    7.204220] snd_hda_codec_realtek hdaudioC0D0:      Rear Mic=0x18
[    7.204220] snd_hda_codec_realtek hdaudioC0D0:      Line=0x1a
[    7.244793] input: HDA Intel PCH Front Mic as /devices/pci0000:00/0000:00:1f.3/sound/card0/input16
[    7.244851] input: HDA Intel PCH Rear Mic as /devices/pci0000:00/0000:00:1f.3/sound/card0/input17
[    7.244888] input: HDA Intel PCH Line as /devices/pci0000:00/0000:00:1f.3/sound/card0/input18
[    7.244924] input: HDA Intel PCH Line Out Front as /devices/pci0000:00/0000:00:1f.3/sound/card0/input19
[    7.244960] input: HDA Intel PCH Line Out Surround as /devices/pci0000:00/0000:00:1f.3/sound/card0/input20
[    7.244996] input: HDA Intel PCH Line Out CLFE as /devices/pci0000:00/0000:00:1f.3/sound/card0/input21
[    7.245064] input: HDA Intel PCH Front Headphone as /devices/pci0000:00/0000:00:1f.3/sound/card0/input22
[    7.551302] checking generic (d1000000 300000) vs hw (c0000000 10000000)
[    7.551304] checking generic (d1000000 300000) vs hw (d0000000 2000000)
[    7.551304] fb0: switching to nouveaufb from EFI VGA
[    7.551387] Console: switching to colour dummy device 80x25
[    7.551473] nouveau 0000:01:00.0: NVIDIA GM206 (126010a1)
[    7.650347] nouveau 0000:01:00.0: bios: version 84.06.32.00.54
[    7.956314] input: HDA NVidia HDMI/DP,pcm=3 as /devices/pci0000:00/0000:00:01.0/0000:01:00.1/sound/card1/input23
[    7.956359] input: HDA NVidia HDMI/DP,pcm=7 as /devices/pci0000:00/0000:00:01.0/0000:01:00.1/sound/card1/input24
[    7.956403] input: HDA NVidia HDMI/DP,pcm=8 as /devices/pci0000:00/0000:00:01.0/0000:01:00.1/sound/card1/input25
[    7.956444] input: HDA NVidia HDMI/DP,pcm=9 as /devices/pci0000:00/0000:00:01.0/0000:01:00.1/sound/card1/input26
[    8.013384] mc: Linux media interface: v0.10
[    8.114966] usb 1-4: 2:1: cannot get freq at ep 0x1
[    8.122157] usbcore: registered new interface driver snd-usb-audio
[    8.370982] nouveau 0000:01:00.0: fb: 2048 MiB GDDR5
[    8.371050] nouveau 0000:01:00.0: bus: MMIO write of 80000136 FAULT at 10eb14 [ IBUS ]
[    8.456626] [TTM] Zone  kernel: Available graphics memory: 8180566 KiB
[    8.456627] [TTM] Zone   dma32: Available graphics memory: 2097152 KiB
[    8.456627] [TTM] Initializing pool allocator
[    8.456631] [TTM] Initializing DMA pool allocator
[    8.456653] nouveau 0000:01:00.0: DRM: VRAM: 2048 MiB
[    8.456654] nouveau 0000:01:00.0: DRM: GART: 1048576 MiB
[    8.456656] nouveau 0000:01:00.0: DRM: TMDS table version 2.0
[    8.456657] nouveau 0000:01:00.0: DRM: DCB version 4.1
[    8.456658] nouveau 0000:01:00.0: DRM: DCB outp 00: 01000f02 00020030
[    8.456658] nouveau 0000:01:00.0: DRM: DCB outp 01: 02000f00 00000000
[    8.456659] nouveau 0000:01:00.0: DRM: DCB outp 02: 02011f62 00020010
[    8.456660] nouveau 0000:01:00.0: DRM: DCB outp 03: 02822f76 04400020
[    8.456660] nouveau 0000:01:00.0: DRM: DCB outp 04: 02022f72 00020020
[    8.456661] nouveau 0000:01:00.0: DRM: DCB outp 15: 01df5ff8 00000000
[    8.456661] nouveau 0000:01:00.0: DRM: DCB conn 00: 00001030
[    8.456662] nouveau 0000:01:00.0: DRM: DCB conn 01: 00010161
[    8.456663] nouveau 0000:01:00.0: DRM: DCB conn 02: 00020246
[    8.456663] nouveau 0000:01:00.0: DRM: DCB conn 05: 00000570
[    8.458341] nouveau 0000:01:00.0: DRM: MM: using COPY for buffer copies
[    8.482021] nouveau 0000:01:00.0: DRM: failed to create encoder 1/8/0: -19
[    8.482022] nouveau 0000:01:00.0: DRM: Virtual-1 has no encoders, removing
[    8.482027] [drm] Supports vblank timestamp caching Rev 2 (21.10.2013).
[    8.482028] [drm] Driver supports precise vblank timestamp query.
[    9.431628] nouveau 0000:01:00.0: DRM: allocated 1920x1080 fb: 0xa0000, bo 00000000cb12be36
[    9.434209] fbcon: nouveaudrmfb (fb0) is primary device
[    9.434306] Console: switching to colour frame buffer device 240x67
[    9.434338] nouveau 0000:01:00.0: fb0: nouveaudrmfb frame buffer device
[    9.547909] [drm] Initialized nouveau 1.3.1 20120801 for 0000:01:00.0 on minor 0
[   13.503332] EXT4-fs (sdb4): mounted filesystem with ordered data mode. Opts: (null)
[   14.014962] audit: type=1400 audit(1580922441.676:2): apparmor="STATUS" operation="profile_load" profile="unconfined" name="/usr/bin/man" pid=782 comm="apparmor_parser"
[   14.014965] audit: type=1400 audit(1580922441.676:3): apparmor="STATUS" operation="profile_load" profile="unconfined" name="man_filter" pid=782 comm="apparmor_parser"
[   14.014967] audit: type=1400 audit(1580922441.676:4): apparmor="STATUS" operation="profile_load" profile="unconfined" name="man_groff" pid=782 comm="apparmor_parser"
[   14.015115] audit: type=1400 audit(1580922441.676:5): apparmor="STATUS" operation="profile_load" profile="unconfined" name="libreoffice-xpdfimport" pid=786 comm="apparmor_parser"
[   14.015118] audit: type=1400 audit(1580922441.676:6): apparmor="STATUS" operation="profile_load" profile="unconfined" name="libreoffice-senddoc" pid=784 comm="apparmor_parser"
[   14.015788] audit: type=1400 audit(1580922441.680:7): apparmor="STATUS" operation="profile_load" profile="unconfined" name="libreoffice-oopslash" pid=783 comm="apparmor_parser"
[   14.016153] audit: type=1400 audit(1580922441.680:8): apparmor="STATUS" operation="profile_load" profile="unconfined" name="/usr/sbin/ippusbxd" pid=790 comm="apparmor_parser"
[   14.016307] audit: type=1400 audit(1580922441.680:9): apparmor="STATUS" operation="profile_load" profile="unconfined" name="/usr/sbin/cups-browsed" pid=788 comm="apparmor_parser"
[   14.016454] audit: type=1400 audit(1580922441.680:10): apparmor="STATUS" operation="profile_load" profile="unconfined" name="/sbin/dhclient" pid=779 comm="apparmor_parser"
[   14.016457] audit: type=1400 audit(1580922441.680:11): apparmor="STATUS" operation="profile_load" profile="unconfined" name="/usr/lib/NetworkManager/nm-dhcp-client.action" pid=779 comm="apparmor_parser"
[   23.968140] e1000e: enp0s31f6 NIC Link is Up 1000 Mbps Full Duplex, Flow Control: None
[   23.968215] IPv6: ADDRCONF(NETDEV_CHANGE): enp0s31f6: link becomes ready
[   26.681248] usb 1-4: 2:1: cannot get freq at ep 0x1
[   26.682310] usb 1-4: 1:1: cannot get freq at ep 0x81
[   53.818780] rfkill: input handler disabled

Command: uptime
Output:  17:45:08 up 38 min,  1 user,  load average: 0,39, 0,41, 0,43

Command: whoami
Output: trung	

Command: who
Output: trung    :0           2020-02-05 17:07 (:0)

Command: id
Output: 
uid=1000(trung) gid=1000(trung) groups=1000(trung),4(adm),24(cdrom),27(sudo),30(dip),46(plugdev),116(lpadmin),126(sambashare)

Command: last
Output: 
trung    :0           :0               Wed Feb  5 17:07   still logged in
reboot   system boot  5.3.0-28-generic Thu Feb  6 00:07   still running
trung    :0           :0               Sun Feb  2 15:04 - 16:16  (01:12)
reboot   system boot  5.3.0-28-generic Sun Feb  2 15:03 - 16:16  (01:12)

wtmp begins Sun Feb  2 15:03:10 2020

Command: finger
Output: 
Login: trung          			Name: trung
Directory: /home/trung              	Shell: /bin/bash
On since Wed Feb  5 17:07 (+07) on :0 from :0 (messages off)
No mail.
No Plan.

Command: w
Output: 
 17:47:29 up 40 min,  1 user,  load average: 0,49, 0,45, 0,45
USER     TTY      FROM             LOGIN@   IDLE   JCPU   PCPU WHAT
trung    :0       :0               17:07   ?xdm?   3:17   0.00s /usr/lib/gdm3/g

